src/components/creator/TreePreview.tsx(31,44): error TS6133: 'nodeName' is declared but its value is never read.
src/components/creator/TreePreview.tsx(78,76): error TS2345: Argument of type 'boolean | undefined' is not assignable to parameter of type 'boolean'.
  Type 'undefined' is not assignable to type 'boolean'.
src/components/dashboard/DashboardLayout.tsx(18,55): error TS6133: 'onDelete' is declared but its value is never read.
src/lib/data-parser.ts(109,25): error TS2345: Argument of type '{ participants: Participant[]; tasks: { id: string; index: number; description: string; expectedAnswer: string; }[]; }' is not assignable to parameter of type 'UploadedData | PromiseLike<UploadedData>'.
  Type '{ participants: Participant[]; tasks: { id: string; index: number; description: string; expectedAnswer: string; }[]; }' is missing the following properties from type 'UploadedData': id, createdAt, updatedAt
